
--------------- INPUT DATA ---------------
#variables                      15
#equations                      15
#invalid equations               0
field characteristic             0
homogeneous input?               0
signature-based computation      0
monomial order                 DRL
basis hash table resetting     OFF
linear algebra option            2
initial hash table size     131072 (2^17)
max pair selection             ALL
reduce gb                        1
#threads                         1
info level                       1
generate pbm files               0
------------------------------------------
Dimension of quotient: 90
[90, 74], Non trivial / Trivial = 82.22%
Density of non-trivial part 100.00%
Time spent to generate sequence (elapsed): 0.00 sec (0.62 Gops/sec)
Time spent to compute eliminating polynomial (elapsed): 0.00 sec
Elimination polynomial has degree 90.

Starts multi-modular computations
{2}{4}{8}{16}{32}{64}{128}[0][1][2][3][4][5][6][7][8][9][10][11][12][13][14]
156 primes used
Time for CRT + rational reconstruction = 0.14
Time for rational param:         24.59 (elapsed) sec / 23.99 sec (cpu)

Real root isolation starts at precision 226
Number of real roots: 18
Starts real root extraction.
Elapsed time (real root extraction) = 0.02
------------------------------------------------------------------------------------
msolve overall time          24.63 sec (elapsed) / 24.03 sec (cpu)
------------------------------------------------------------------------------------

---------------- TIMINGS ---------------
overall(elapsed)        0.97 sec
overall(cpu)            0.96 sec
select                  0.05 sec   5.2%
symbolic prep.          0.02 sec   2.2%
update                  0.28 sec  29.5%
convert                 0.01 sec   0.5%
linear algebra          0.60 sec  62.4%
reduce gb               0.00 sec   0.0%
-----------------------------------------

---------- COMPUTATIONAL DATA -----------
size of basis                   285
#terms in basis               25935
#pairs reduced                 6379
#GM criterion                746999
#redundant elements             944
#rows reduced                 13321
#zero reductions               5305
max. matrix data               4400 x 3249 (6.654%)
max. symbolic hash table size  2^12
max. basis hash table size     2^17
-----------------------------------------

