
--------------- INPUT DATA ---------------
#variables                      15
#equations                      15
#invalid equations               0
field characteristic             0
homogeneous input?               0
signature-based computation      0
monomial order                 DRL
basis hash table resetting     OFF
linear algebra option            2
initial hash table size     131072 (2^17)
max pair selection             ALL
reduce gb                        1
#threads                         1
info level                       1
generate pbm files               0
------------------------------------------
Dimension of quotient: 90
[90, 74], Non trivial / Trivial = 82.22%
Density of non-trivial part 100.00%
Time spent to generate sequence (elapsed): 0.00 sec (0.61 Gops/sec)
Time spent to compute eliminating polynomial (elapsed): 0.00 sec
Elimination polynomial has degree 90.

Starts multi-modular computations
{2}{4}{8}{16}{32}{64}{128}[0][1][2][3][4][5][6][7][8][9][10][11][12][13][14]
154 primes used
Time for CRT + rational reconstruction = 0.14
Time for rational param:         23.93 (elapsed) sec / 23.26 sec (cpu)

Real root isolation starts at precision 227
Number of real roots: 16
Starts real root extraction.
Elapsed time (real root extraction) = 0.03
------------------------------------------------------------------------------------
msolve overall time          23.99 sec (elapsed) / 23.32 sec (cpu)
------------------------------------------------------------------------------------

---------------- TIMINGS ---------------
overall(elapsed)        0.90 sec
overall(cpu)            0.90 sec
select                  0.05 sec   5.6%
symbolic prep.          0.02 sec   2.4%
update                  0.28 sec  31.4%
convert                 0.01 sec   0.6%
linear algebra          0.54 sec  59.8%
reduce gb               0.00 sec   0.0%
-----------------------------------------

---------- COMPUTATIONAL DATA -----------
size of basis                   285
#terms in basis               25865
#pairs reduced                 6387
#GM criterion                746991
#redundant elements             943
#rows reduced                 13357
#zero reductions               5323
max. matrix data               4407 x 3250 (6.571%)
max. symbolic hash table size  2^12
max. basis hash table size     2^17
-----------------------------------------

